[0m18:07:02.991654 [debug] [MainThread]: Sending event: {'category': 'dbt', 'action': 'invocation', 'label': 'start', 'context': [<snowplow_tracker.self_describing_json.SelfDescribingJson object at 0x000001B7DD370F90>, <snowplow_tracker.self_describing_json.SelfDescribingJson object at 0x000001B7E09D8B50>, <snowplow_tracker.self_describing_json.SelfDescribingJson object at 0x000001B7E1C28F50>]}


============================== 18:07:02.997692 | 45ee191f-f3fd-413f-8bc9-9ea0b6bc09c5 ==============================
[0m18:07:02.997692 [info ] [MainThread]: Running with dbt=1.11.10
[0m18:07:02.998702 [debug] [MainThread]: running dbt with arguments {'version_check': 'True', 'no_print': 'None', 'static_parser': 'True', 'warn_error_options': 'WarnErrorOptionsV2(error=[], warn=[], silence=[])', 'target_path': 'None', 'printer_width': '80', 'write_json': 'True', 'introspect': 'True', 'log_cache_events': 'False', 'empty': 'None', 'cache_selected_only': 'False', 'log_format': 'default', 'debug': 'False', 'fail_fast': 'False', 'profiles_dir': 'C:\\Users\\kartu\\.dbt', 'send_anonymous_usage_stats': 'True', 'quiet': 'False', 'warn_error': 'None', 'partial_parse': 'True', 'invocation_command': 'dbt init language_platform', 'use_colors': 'True', 'indirect_selection': 'eager', 'use_experimental_parser': 'False', 'log_path': 'logs'}
[0m18:07:03.028555 [info ] [MainThread]: Creating dbt configuration folder at C:\Users\kartu\.dbt
[0m18:07:03.031556 [debug] [MainThread]: Starter project path: C:\Users\kartu\Downloads\MGIMO_BigData-main\LAB2\.venv\Lib\site-packages\dbt\include\starter_project
[0m18:07:03.143911 [info ] [MainThread]: 
Your new dbt project "language_platform" was created!

For more information on how to configure the profiles.yml file,
please consult the dbt documentation here:

  https://docs.getdbt.com/docs/configure-your-profile

One more thing:

Need help? Don't hesitate to reach out to us via GitHub issues or on Slack:

  https://community.getdbt.com/

Happy modeling!

[0m18:07:03.143911 [info ] [MainThread]: Setting up your profile.
[0m18:07:03.145913 [error] [MainThread]: Encountered an error:
Runtime Error
  No adapters available. Learn how to install an adapter by going to https://docs.getdbt.com/docs/connect-adapters#install-using-the-cli
[0m18:07:03.146913 [debug] [MainThread]: Command `dbt init` failed at 18:07:03.146913 after 0.26 seconds
[0m18:07:03.147907 [debug] [MainThread]: Sending event: {'category': 'dbt', 'action': 'invocation', 'label': 'end', 'context': [<snowplow_tracker.self_describing_json.SelfDescribingJson object at 0x000001B7E1C81AD0>, <snowplow_tracker.self_describing_json.SelfDescribingJson object at 0x000001B7E1C82290>, <snowplow_tracker.self_describing_json.SelfDescribingJson object at 0x000001B7D9E59D90>]}
[0m18:07:03.148920 [debug] [MainThread]: Flushing usage events
[0m18:07:03.831311 [debug] [MainThread]: An error was encountered while trying to flush usage events
[0m18:12:55.436707 [debug] [MainThread]: Sending event: {'category': 'dbt', 'action': 'invocation', 'label': 'start', 'context': [<snowplow_tracker.self_describing_json.SelfDescribingJson object at 0x000001675A9B1250>, <snowplow_tracker.self_describing_json.SelfDescribingJson object at 0x000001675F29B510>, <snowplow_tracker.self_describing_json.SelfDescribingJson object at 0x000001675E271CD0>]}


============================== 18:12:55.441716 | ed945ef7-5f0b-45f0-a28c-54569d9512cd ==============================
[0m18:12:55.441716 [info ] [MainThread]: Running with dbt=1.11.10
[0m18:12:55.443718 [debug] [MainThread]: running dbt with arguments {'version_check': 'True', 'no_print': 'None', 'static_parser': 'True', 'warn_error_options': 'WarnErrorOptionsV2(error=[], warn=[], silence=[])', 'target_path': 'None', 'printer_width': '80', 'write_json': 'True', 'empty': 'None', 'log_cache_events': 'False', 'introspect': 'True', 'cache_selected_only': 'False', 'log_format': 'default', 'debug': 'False', 'fail_fast': 'False', 'profiles_dir': 'C:\\Users\\kartu\\.dbt', 'send_anonymous_usage_stats': 'True', 'quiet': 'False', 'warn_error': 'None', 'partial_parse': 'True', 'indirect_selection': 'eager', 'use_colors': 'True', 'invocation_command': 'dbt debug', 'use_experimental_parser': 'False', 'log_path': 'logs'}
[0m18:12:55.480250 [info ] [MainThread]: dbt version: 1.11.10
[0m18:12:55.481250 [info ] [MainThread]: python version: 3.11.4
[0m18:12:55.482249 [info ] [MainThread]: python path: C:\Users\kartu\Downloads\MGIMO_BigData-main\LAB2\.venv\Scripts\python.exe
[0m18:12:55.482249 [info ] [MainThread]: os info: Windows-10-10.0.26200-SP0
[0m18:12:55.483249 [info ] [MainThread]: Using profiles dir at C:\Users\kartu\.dbt
[0m18:12:55.484248 [info ] [MainThread]: Using profiles.yml file at C:\Users\kartu\.dbt\profiles.yml
[0m18:12:55.485253 [info ] [MainThread]: Using dbt_project.yml file at C:\Users\kartu\Downloads\MGIMO_BigData-main\LAB2\dbt_project.yml
[0m18:12:55.487247 [info ] [MainThread]: Configuration:
[0m18:12:55.488363 [info ] [MainThread]:   profiles.yml file [[31mERROR not found[0m]
[0m18:12:55.489459 [info ] [MainThread]:   dbt_project.yml file [[31mERROR not found[0m]
[0m18:12:55.489990 [info ] [MainThread]: Required dependencies:
[0m18:12:55.490527 [debug] [MainThread]: Executing "git --help"
[0m18:12:55.541988 [debug] [MainThread]: STDOUT: "b"usage: git [-v | --version] [-h | --help] [-C <path>] [-c <name>=<value>]\n           [--exec-path[=<path>]] [--html-path] [--man-path] [--info-path]\n           [-p | --paginate | -P | --no-pager] [--no-replace-objects] [--bare]\n           [--git-dir=<path>] [--work-tree=<path>] [--namespace=<name>]\n           [--super-prefix=<path>] [--config-env=<name>=<envvar>]\n           <command> [<args>]\n\nThese are common Git commands used in various situations:\n\nstart a working area (see also: git help tutorial)\n   clone     Clone a repository into a new directory\n   init      Create an empty Git repository or reinitialize an existing one\n\nwork on the current change (see also: git help everyday)\n   add       Add file contents to the index\n   mv        Move or rename a file, a directory, or a symlink\n   restore   Restore working tree files\n   rm        Remove files from the working tree and from the index\n\nexamine the history and state (see also: git help revisions)\n   bisect    Use binary search to find the commit that introduced a bug\n   diff      Show changes between commits, commit and working tree, etc\n   grep      Print lines matching a pattern\n   log       Show commit logs\n   show      Show various types of objects\n   status    Show the working tree status\n\ngrow, mark and tweak your common history\n   branch    List, create, or delete branches\n   commit    Record changes to the repository\n   merge     Join two or more development histories together\n   rebase    Reapply commits on top of another base tip\n   reset     Reset current HEAD to the specified state\n   switch    Switch branches\n   tag       Create, list, delete or verify a tag object signed with GPG\n\ncollaborate (see also: git help workflows)\n   fetch     Download objects and refs from another repository\n   pull      Fetch from and integrate with another repository or a local branch\n   push      Update remote refs along with associated objects\n\n'git help -a' and 'git help -g' list available subcommands and some\nconcept guides. See 'git help <command>' or 'git help <concept>'\nto read about a specific subcommand or concept.\nSee 'git help git' for an overview of the system.\n""
[0m18:12:55.543002 [debug] [MainThread]: STDERR: "b''"
[0m18:12:55.544019 [info ] [MainThread]:  - git [[32mOK found[0m]

[0m18:12:55.544019 [info ] [MainThread]: Connection test skipped since no profile was found
[0m18:12:55.544993 [info ] [MainThread]: [31m2 checks failed:[0m
[0m18:12:55.546003 [info ] [MainThread]: dbt looked for a profiles.yml file in C:\Users\kartu\.dbt\profiles.yml, but did
not find one. For more information on configuring your profile, consult the
documentation:

https://docs.getdbt.com/docs/configure-your-profile


[0m18:12:55.546991 [info ] [MainThread]: Project loading failed for the following reason:
 project path <C:\Users\kartu\Downloads\MGIMO_BigData-main\LAB2\dbt_project.yml> not found

[0m18:12:55.547992 [debug] [MainThread]: Command `dbt debug` failed at 18:12:55.547992 after 0.23 seconds
[0m18:12:55.548990 [debug] [MainThread]: Sending event: {'category': 'dbt', 'action': 'invocation', 'label': 'end', 'context': [<snowplow_tracker.self_describing_json.SelfDescribingJson object at 0x000001675E26AE90>, <snowplow_tracker.self_describing_json.SelfDescribingJson object at 0x000001675F2B3C10>, <snowplow_tracker.self_describing_json.SelfDescribingJson object at 0x00000167575CA1D0>]}
[0m18:12:55.549990 [debug] [MainThread]: Flushing usage events
[0m18:12:56.175435 [debug] [MainThread]: An error was encountered while trying to flush usage events
[0m18:13:15.362268 [debug] [MainThread]: Sending event: {'category': 'dbt', 'action': 'invocation', 'label': 'start', 'context': [<snowplow_tracker.self_describing_json.SelfDescribingJson object at 0x000001762ED2B050>, <snowplow_tracker.self_describing_json.SelfDescribingJson object at 0x000001762ED31CD0>, <snowplow_tracker.self_describing_json.SelfDescribingJson object at 0x000001762ED2ABD0>]}


============================== 18:13:15.367304 | dd725206-e9a8-47af-bf92-97ac0dd94335 ==============================
[0m18:13:15.367304 [info ] [MainThread]: Running with dbt=1.11.10
[0m18:13:15.368289 [debug] [MainThread]: running dbt with arguments {'static_parser': 'True', 'no_print': 'None', 'version_check': 'True', 'target_path': 'None', 'warn_error_options': 'WarnErrorOptionsV2(error=[], warn=[], silence=[])', 'printer_width': '80', 'write_json': 'True', 'introspect': 'True', 'log_cache_events': 'False', 'empty': 'None', 'cache_selected_only': 'False', 'log_format': 'default', 'debug': 'False', 'fail_fast': 'False', 'profiles_dir': 'C:\\Users\\kartu\\.dbt', 'send_anonymous_usage_stats': 'True', 'quiet': 'False', 'warn_error': 'None', 'partial_parse': 'True', 'invocation_command': 'dbt debug', 'use_colors': 'True', 'indirect_selection': 'eager', 'use_experimental_parser': 'False', 'log_path': 'logs'}
[0m18:13:15.397904 [info ] [MainThread]: dbt version: 1.11.10
[0m18:13:15.398919 [info ] [MainThread]: python version: 3.11.4
[0m18:13:15.399920 [info ] [MainThread]: python path: C:\Users\kartu\Downloads\MGIMO_BigData-main\LAB2\.venv\Scripts\python.exe
[0m18:13:15.400896 [info ] [MainThread]: os info: Windows-10-10.0.26200-SP0
[0m18:13:15.401906 [info ] [MainThread]: Using profiles dir at C:\Users\kartu\.dbt
[0m18:13:15.402889 [info ] [MainThread]: Using profiles.yml file at C:\Users\kartu\.dbt\profiles.yml
[0m18:13:15.403890 [info ] [MainThread]: Using dbt_project.yml file at C:\Users\kartu\Downloads\MGIMO_BigData-main\LAB2\dbt_project.yml
[0m18:13:15.404898 [info ] [MainThread]: Configuration:
[0m18:13:15.405889 [info ] [MainThread]:   profiles.yml file [[31mERROR not found[0m]
[0m18:13:15.406889 [info ] [MainThread]:   dbt_project.yml file [[31mERROR not found[0m]
[0m18:13:15.407897 [info ] [MainThread]: Required dependencies:
[0m18:13:15.408909 [debug] [MainThread]: Executing "git --help"
[0m18:13:15.458016 [debug] [MainThread]: STDOUT: "b"usage: git [-v | --version] [-h | --help] [-C <path>] [-c <name>=<value>]\n           [--exec-path[=<path>]] [--html-path] [--man-path] [--info-path]\n           [-p | --paginate | -P | --no-pager] [--no-replace-objects] [--bare]\n           [--git-dir=<path>] [--work-tree=<path>] [--namespace=<name>]\n           [--super-prefix=<path>] [--config-env=<name>=<envvar>]\n           <command> [<args>]\n\nThese are common Git commands used in various situations:\n\nstart a working area (see also: git help tutorial)\n   clone     Clone a repository into a new directory\n   init      Create an empty Git repository or reinitialize an existing one\n\nwork on the current change (see also: git help everyday)\n   add       Add file contents to the index\n   mv        Move or rename a file, a directory, or a symlink\n   restore   Restore working tree files\n   rm        Remove files from the working tree and from the index\n\nexamine the history and state (see also: git help revisions)\n   bisect    Use binary search to find the commit that introduced a bug\n   diff      Show changes between commits, commit and working tree, etc\n   grep      Print lines matching a pattern\n   log       Show commit logs\n   show      Show various types of objects\n   status    Show the working tree status\n\ngrow, mark and tweak your common history\n   branch    List, create, or delete branches\n   commit    Record changes to the repository\n   merge     Join two or more development histories together\n   rebase    Reapply commits on top of another base tip\n   reset     Reset current HEAD to the specified state\n   switch    Switch branches\n   tag       Create, list, delete or verify a tag object signed with GPG\n\ncollaborate (see also: git help workflows)\n   fetch     Download objects and refs from another repository\n   pull      Fetch from and integrate with another repository or a local branch\n   push      Update remote refs along with associated objects\n\n'git help -a' and 'git help -g' list available subcommands and some\nconcept guides. See 'git help <command>' or 'git help <concept>'\nto read about a specific subcommand or concept.\nSee 'git help git' for an overview of the system.\n""
[0m18:13:15.459015 [debug] [MainThread]: STDERR: "b''"
[0m18:13:15.459015 [info ] [MainThread]:  - git [[32mOK found[0m]

[0m18:13:15.460032 [info ] [MainThread]: Connection test skipped since no profile was found
[0m18:13:15.461032 [info ] [MainThread]: [31m2 checks failed:[0m
[0m18:13:15.461032 [info ] [MainThread]: dbt looked for a profiles.yml file in C:\Users\kartu\.dbt\profiles.yml, but did
not find one. For more information on configuring your profile, consult the
documentation:

https://docs.getdbt.com/docs/configure-your-profile


[0m18:13:15.462016 [info ] [MainThread]: Project loading failed for the following reason:
 project path <C:\Users\kartu\Downloads\MGIMO_BigData-main\LAB2\dbt_project.yml> not found

[0m18:13:15.464032 [debug] [MainThread]: Command `dbt debug` failed at 18:13:15.463005 after 0.19 seconds
[0m18:13:15.464032 [debug] [MainThread]: Sending event: {'category': 'dbt', 'action': 'invocation', 'label': 'end', 'context': [<snowplow_tracker.self_describing_json.SelfDescribingJson object at 0x000001762ED2B410>, <snowplow_tracker.self_describing_json.SelfDescribingJson object at 0x000001762ED2B650>, <snowplow_tracker.self_describing_json.SelfDescribingJson object at 0x000001762ED2A0D0>]}
[0m18:13:15.465053 [debug] [MainThread]: Flushing usage events
[0m18:13:16.072290 [debug] [MainThread]: An error was encountered while trying to flush usage events
